.venv\Scripts\python : C:\Users\moorf\PycharmProjects\TelegramPro
file\test_gemini.py:2: FutureWarning: 
At line:1 char:1
+ .venv\Scripts\python test_gemini.py > test_output.txt 2>&1
+ ~~~~~~~~~~~~~~~~~~~~~~~~~~~~~~~~~~~~~~~~~~~~~~~~~~~~~~~~~~
    + CategoryInfo          : NotSpecified: (C:\Users\moorf\...F 
   utureWarning: :String) [], RemoteException
    + FullyQualifiedErrorId : NativeCommandError
 

All support for the `google.generativeai` package has ended. It w
ill no longer be receiving 
updates or bug fixes. Please switch to the `google.genai` package
 as soon as possible.
See README for more details:

https://github.com/google-gemini/deprecated-generative-ai-python/
blob/main/README.md

  import google.generativeai as genai
Testing model: gemini-1.5-pro...
Xatolik yuz berdi: 404 models/gemini-1.5-pro is not found for API version v1beta, or is not supported for generateContent. Call ListModels to see the list of available models and their supported methods.
